
> ocr-web-service@0.1.0 build
> next build

โ–ฒ Next.js 16.1.7 (Turbopack)
- Environments: .env.local

  Creating an optimized production build ...
โ“ Compiled successfully in 6.0s
  Running TypeScript ...
  Collecting page data using 11 workers ...
  Generating static pages using 11 workers (0/19) ...
  Generating static pages using 11 workers (4/19) 
  Generating static pages using 11 workers (9/19) 
  Generating static pages using 11 workers (14/19) 
โ“ Generating static pages using 11 workers (19/19) in 368.1ms
  Finalizing page optimization ...

Route (app)
โ” โ— /
โ” โ— /_not-found
โ” ฦ’ /api/admin/logs
โ” ฦ’ /api/admin/settings
โ” ฦ’ /api/admin/users
โ” ฦ’ /api/auth
โ” ฦ’ /api/auth/register
โ” ฦ’ /api/billing/checkout
โ” ฦ’ /api/billing/prices
โ” ฦ’ /api/compare
โ” ฦ’ /api/stats
โ” ฦ’ /api/status
โ” ฦ’ /api/templates
โ” ฦ’ /api/upload
โ” ฦ’ /api/v1/extract
โ” ฦ’ /api/webhook/stripe
โ” โ— /login
โ”” โ— /register


โ—  (Static)   prerendered as static content
ฦ’  (Dynamic)  server-rendered on demand

